224 price-book colours for Thomas Group (Surfaces Collection)
Absolute Black                   src=atlasplan.com          slab=Y cu=0 rm=3
Absolute White                   src=atlasplan.com          slab=Y cu=0 rm=4
Alpinus                          src=atlasplan.com          slab=Y cu=3 rm=5
!! unmapped colour, skipping: Amadeus
!! unmapped colour, skipping: Amaranta V813 (Group 4)
!! unmapped colour, skipping: Angola Black
Appennino                        src=atlasplan.com          slab=Y cu=0 rm=2
!! unmapped colour, skipping: Arabescato
!! unmapped colour, skipping: Arabesque
!! unmapped colour, skipping: Aurum V839 (Group 4)
!! unmapped colour, skipping: Azul Platino
!! unmapped colour, skipping: Baltic Grey
Baobab                           src=atlasplan.com          slab=Y cu=3 rm=4
!! unmapped colour, skipping: Bardiglio
Basaltina Volcano                src=atlasplan.com          slab=Y cu=0 rm=4
!! unmapped colour, skipping: Bianco Carrara
!! unmapped colour, skipping: Bianco Carrara - Primo
Bianco Dolomite                  src=atlasplan.com          slab=Y cu=0 rm=2
!! unmapped colour, skipping: Bianco Eclipsia
!! unmapped colour, skipping: Bianco Nieve
!! unmapped colour, skipping: Bianco Sardo
!! unmapped colour, skipping: Bianco Venatino
Black Atlantis                   src=atlasplan.com          slab=Y cu=1 rm=5
!! unmapped colour, skipping: Black Beauty
Black Lava                       src=atlasplan.com          slab=Y cu=1 rm=4
!! unmapped colour, skipping: Black Slate
Black Tempest                    src=atlasplan.com          slab=Y cu=2 rm=1
Blaze Iron                       src=atlasplan.com          slab=Y cu=1 rm=1
!! unmapped colour, skipping: Blue Explosion
Boost Ash Balance                src=atlasplan.com          slab=Y cu=0 rm=6
Boost Grey                       src=atlasplan.com          slab=Y cu=0 rm=1
Boost Icor Bone                  src=atlasplan.com          slab=Y cu=2 rm=2
Boost Icor Dune                  src=atlasplan.com          slab=Y cu=1 rm=2
Boost Mineral Grey               src=atlasplan.com          slab=Y cu=1 rm=0
Boost Natural Ecru               src=atlasplan.com          slab=Y cu=0 rm=5
Boost Smoke                      src=atlasplan.com          slab=Y cu=1 rm=4
Boost Stone Ivory                src=atlasplan.com          slab=Y cu=0 rm=5
Boost Tarmac                     src=atlasplan.com          slab=Y cu=0 rm=4
Boost Vision Camel               src=atlasplan.com          slab=Y cu=3 rm=3
Boost White                      src=atlasplan.com          slab=Y cu=0 rm=4
!! unmapped colour, skipping: Braewind Super Jumbo Leathered V882L Group 5
!! unmapped colour, skipping: Breccia Rosso
!! unmapped colour, skipping: Brown Antique
!! unmapped colour, skipping: Calacatta (End of Line)
!! unmapped colour, skipping: Calacatta (Marble)
Calacatta Antique                src=atlasplan.com          slab=Y cu=0 rm=3
Calacatta Apuano                 src=atlasplan.com          slab=Y cu=3 rm=2
Calacatta Bernini                src=atlasplan.com          slab=Y cu=0 rm=3
Calacatta Delicato               src=atlasplan.com          slab=Y cu=1 rm=0
!! unmapped colour, skipping: Calacatta Dorado V727 (Group 3)
Calacatta Extra                  src=atlasplan.com          slab=Y cu=1 rm=4
Calacatta Gold                   src=atlasplan.com          slab=Y cu=2 rm=6
Calacatta Imperial               src=atlasplan.com          slab=Y cu=3 rm=1
Calacatta Imperiale              src=atlasplan.com          slab=Y cu=3 rm=1
!! unmapped colour, skipping: Calacatta Monet
!! unmapped colour, skipping: Calacatta Oro
Calacatta Prestigo               src=atlasplan.com          slab=Y cu=1 rm=1
!! unmapped colour, skipping: Calacatta Raphael
Calacatta Royal                  src=thesurfacecollection.co.uk slab=Y cu=0 rm=0
!! unmapped colour, skipping: Calacatta Vagli Oro
Calacatta Viola                  src=atlasplan.com          slab=Y cu=4 rm=3
Calacattta Meraviglia            src=atlasplan.com          slab=Y cu=0 rm=5
!! unmapped colour, skipping: Calithea V837 (Group 5)
Carrara Pure                     src=-                      slab=N cu=0 rm=0
!! unmapped colour, skipping: Charcoal Grey
!! unmapped colour, skipping: Cinder Black
!! unmapped colour, skipping: Clifton Salt
!! unmapped colour, skipping: Colonial Cream
!! unmapped colour, skipping: Colonial White
!! unmapped colour, skipping: Columbia Grey
Concrete Grey                    src=thesurfacecollection.co.uk slab=Y cu=0 rm=0
!! unmapped colour, skipping: Cosmic Black
!! unmapped colour, skipping: Cream Mirror
Cream Prestige                   src=atlasplan.com          slab=Y cu=0 rm=3
!! unmapped colour, skipping: Crema Marfil
!! unmapped colour, skipping: Creme Du Provence
Crystal White                    src=atlasplan.com          slab=Y cu=2 rm=4
!! unmapped colour, skipping: Da Vinci
!! unmapped colour, skipping: Desert Blush V817 (Group 5)
!! unmapped colour, skipping: Desert Silver (Silestone)
Desert Soul                      src=atlasplan.com          slab=Y cu=1 rm=1
Dolmen Pro Grigio                src=thesurfacecollection.co.uk slab=Y cu=0 rm=0
!! unmapped colour, skipping: Eastern Calacatta Viagli 'C'
!! unmapped colour, skipping: Eastern Carrara
!! unmapped colour, skipping: Echo Ridge V832 (Group 4)
!! unmapped colour, skipping: Ecru Coast V829 (Group 3)
!! unmapped colour, skipping: Emerald Pearl
Exotic Green                     src=atlasplan.com          slab=Y cu=1 rm=5
Exotic Wave                      src=atlasplan.com          slab=Y cu=1 rm=2
!! unmapped colour, skipping: Fantasy Brown
Fior Di Bosco                    src=atlasplan.com          slab=Y cu=2 rm=0
!! unmapped colour, skipping: Fume Emperador
!! unmapped colour, skipping: Fusion Wow
!! unmapped colour, skipping: Giallo Oro
!! unmapped colour, skipping: Gilded Trace V828 (Group 2)
!! unmapped colour, skipping: Gold Delicatus
!! unmapped colour, skipping: Golden Fire
!! unmapped colour, skipping: Golden Scribe V819 (Group 5)
!! unmapped colour, skipping: Golden Steppe V831 (Group 3)
!! unmapped colour, skipping: Gossamer Sands V815 (Group 3)
Grey Stone                       src=atlasplan.com          slab=Y cu=0 rm=5
Grigio Intenso                   src=-                      slab=N cu=0 rm=0
!! unmapped colour, skipping: Gris Asturias
!! unmapped colour, skipping: Gris Venato
!! unmapped colour, skipping: Highland Vale V835 (Group 5)
!! unmapped colour, skipping: Honed Angelo White
Ice Crystal                      src=atlasplan.com          slab=Y cu=2 rm=5
!! unmapped colour, skipping: Ivory Fantasy
Kone Grey                        src=-                      slab=N cu=0 rm=0
Kone Gypsum                      src=thesurfacecollection.co.uk slab=Y cu=0 rm=0
Kone Mix                         src=atlasplan.com          slab=Y cu=1 rm=4
!! unmapped colour, skipping: Labrador Antique
!! unmapped colour, skipping: Lakestone V827 (Group 2)
!! unmapped colour, skipping: Lava Plain V810 (Group 5)
Light Grey Stone                 src=atlasplan.com          slab=Y cu=0 rm=4
!! unmapped colour, skipping: Lorelei V824 (Group 1)
!! unmapped colour, skipping: Luminaria V838 (Group 5)
!! unmapped colour, skipping: Luminix
!! unmapped colour, skipping: Luna
!! unmapped colour, skipping: Lunara V833 (Group 4)
!! unmapped colour, skipping: Luxor V836 (Group 5)
!! unmapped colour, skipping: Marron Emperador
!! unmapped colour, skipping: Marron Emperador Light
!! unmapped colour, skipping: Montreal
!! unmapped colour, skipping: Moon Valley (Siena) V811 (Group 5)
!! unmapped colour, skipping: Mountain Veil V830 (Group 3)
Natural Roots                    src=atlasplan.com          slab=Y cu=4 rm=3
Negresco                         src=atlasplan.com          slab=Y cu=1 rm=4
!! unmapped colour, skipping: Neolith Avorio
!! unmapped colour, skipping: Neolith Basalt Beige
!! unmapped colour, skipping: Neolith Beton
!! unmapped colour, skipping: Neolith Bianco Carrara Bc02
!! unmapped colour, skipping: Neolith Calacatta 01
!! unmapped colour, skipping: Neolith Calacatta Gold Cg01
!! unmapped colour, skipping: Neolith Cement
!! unmapped colour, skipping: Neolith Estatuario 01
!! unmapped colour, skipping: Neolith Estatuario E04
!! unmapped colour, skipping: Neolith Iron Moss
!! unmapped colour, skipping: Neolith La Boheme
!! unmapped colour, skipping: Neolith Nero Marquina
!! unmapped colour, skipping: Neolith Nieve
!! unmapped colour, skipping: Neolith Phedra
!! unmapped colour, skipping: Neolith Pierre Bleue
!! unmapped colour, skipping: Neolith Zaha
!! unmapped colour, skipping: Nero
!! unmapped colour, skipping: Nero Cosmos
Nero Marquina                    src=atlasplan.com          slab=Y cu=1 rm=4
!! unmapped colour, skipping: Nero Supreme
Nero Zimbabwe                    src=thesurfacecollection.co.uk slab=Y cu=0 rm=0
Noce Canaletto                   src=atlasplan.com          slab=Y cu=3 rm=3
!! unmapped colour, skipping: Nomad Valley Super Jumbo V883 Group 5
!! unmapped colour, skipping: Oakham Ash
!! unmapped colour, skipping: Obsidian
Onyx White                       src=atlasplan.com          slab=Y cu=2 rm=4
!! unmapped colour, skipping: Orisa
!! unmapped colour, skipping: Ostara Dawn V743 (Group 3)
!! unmapped colour, skipping: Palissandto Nuvalato
!! unmapped colour, skipping: Paonazzo Marble
!! unmapped colour, skipping: Patagonia
!! unmapped colour, skipping: Perlado
!! unmapped colour, skipping: Petro Grigio V703 (Group 5)
!! unmapped colour, skipping: Pietra Serena
Precious Brown                   src=atlasplan.com          slab=Y cu=0 rm=6
!! unmapped colour, skipping: Premium Black Slate
!! unmapped colour, skipping: River White
!! unmapped colour, skipping: Rose Tea
!! unmapped colour, skipping: Rosso Levanto
!! unmapped colour, skipping: Rosso Verona
!! unmapped colour, skipping: Sakura V840 (Group 5)
!! unmapped colour, skipping: San Vincente
!! unmapped colour, skipping: Sand Weaver V745 (Group 3)
!! unmapped colour, skipping: Sandford
!! unmapped colour, skipping: Sandstream V826 (Group 1)
!! unmapped colour, skipping: Sardinian White
!! unmapped colour, skipping: Sardinian White Series 2
!! unmapped colour, skipping: Scandi Blue V816 (Group 5)
Silver Root                      src=atlasplan.com          slab=Y cu=0 rm=3
!! unmapped colour, skipping: Silver Travertine
!! unmapped colour, skipping: Silver Waves
Sky Stone                        src=atlasplan.com          slab=Y cu=4 rm=0
!! unmapped colour, skipping: Smokey Taupe
!! unmapped colour, skipping: Snowy Mountain
Soapstone Dark                   src=atlasplan.com          slab=Y cu=0 rm=5
!! unmapped colour, skipping: Solterra V834 (Group 5)
!! unmapped colour, skipping: Soraline Super Jumbo V884 Group 3
!! unmapped colour, skipping: St Annes White
!! unmapped colour, skipping: Star Galaxy
Statuario Select                 src=thesurfacecollection.co.uk slab=Y cu=0 rm=0
Statuario Supremo                src=atlasplan.com          slab=Y cu=3 rm=0
!! unmapped colour, skipping: Statuario Venato
!! unmapped colour, skipping: Steel Grey
!! unmapped colour, skipping: Sterling Light V804 (Group 5)
!! unmapped colour, skipping: Sunrise Vista (Oro) V812 (Group 5)
Taj Mahal                        src=atlasplan.com          slab=Y cu=4 rm=4
Taj Mahal (Atlas Plan)           src=atlasplan.com          slab=Y cu=4 rm=4
!! unmapped colour, skipping: Taj Mahal (Quartzite)
Taj Mahal Noisette               src=atlasplan.com          slab=Y cu=4 rm=4
Taj Mahal White                  src=atlasplan.com          slab=Y cu=2 rm=5
!! unmapped colour, skipping: Terra Vista V821 (Group 5)
!! unmapped colour, skipping: Tibetan Black
Travertine Halo White            src=atlasplan.com          slab=Y cu=2 rm=4
Travertine Pearl                 src=atlasplan.com          slab=Y cu=1 rm=5
Travertine Romano Sand           src=atlasplan.com          slab=Y cu=2 rm=4
Travertine Romano Silver         src=atlasplan.com          slab=Y cu=1 rm=4
Travertine Sand                  src=atlasplan.com          slab=Y cu=0 rm=2
Travertine White                 src=atlasplan.com          slab=Y cu=0 rm=6
Travertino Sand                  src=atlasplan.com          slab=Y cu=0 rm=2
!! unmapped colour, skipping: Tuscan Grey
!! unmapped colour, skipping: Venato Royale
!! unmapped colour, skipping: Verde Guatemala
!! unmapped colour, skipping: Verde Verias
!! unmapped colour, skipping: Violetta
!! unmapped colour, skipping: Viscount White
!! unmapped colour, skipping: Volga Blue
!! unmapped colour, skipping: White Aurora V738 (Group 5)
White Cloud                      src=atlasplan.com          slab=Y cu=0 rm=3
!! unmapped colour, skipping: White Macaubus
!! unmapped colour, skipping: White Mirage V825 (Group 1)
!! unmapped colour, skipping: White Polar V822 (Group 1)
!! unmapped colour, skipping: White Sand
!! unmapped colour, skipping: White Shimmer
!! unmapped colour, skipping: White Shimmer V823 (Group 1)
White Terrazzo                   src=thesurfacecollection.co.uk slab=Y cu=0 rm=0
Zephyr                           src=atlasplan.com          slab=Y cu=3 rm=4

WROTE C:\Users\thefi\slab-library\tools\thomasgroup-porcelain-harvest.json: 76 colours (73 with a slab image)
